// Jest Snapshot v1, https://goo.gl/fbAQLP

exports[`<App /> has the correct structure 1`] = `
<DocumentFragment>
  <h1>
    React Boilerplate
  </h1>
</DocumentFragment>
`;
